[2026-03-22T17:28:11.170-0500] {manager.py:469} INFO - Processing files using up to 1 processes at a time 
[2026-03-22T17:28:11.171-0500] {manager.py:470} INFO - Process each file at most once every 30 seconds
[2026-03-22T17:28:11.171-0500] {manager.py:471} INFO - Checking for new files in /Users/vaishnusrinivasan/cma-prep-app/airflow/dags every 300 seconds
[2026-03-22T17:28:11.171-0500] {manager.py:738} INFO - Searching for files in /Users/vaishnusrinivasan/cma-prep-app/airflow/dags
[2026-03-22T17:28:11.185-0500] {manager.py:741} INFO - There are 49 files in /Users/vaishnusrinivasan/cma-prep-app/airflow/dags
[2026-03-22T17:28:12.237-0500] {manager.py:879} INFO - 
================================================================================
DAG File Processing Stats

File Path                                                                                                                                                        PID    Runtime      # DAGs    # Errors  Last Runtime    Last Run
---------------------------------------------------------------------------------------------------------------------------------------------------------------  -----  ---------  --------  ----------  --------------  -------------------
/Users/vaishnusrinivasan/cma-prep-app/airflow-venv/lib/python3.11/site-packages/airflow/example_dags/example_latest_only.py                                                               0           0
/Users/vaishnusrinivasan/cma-prep-app/airflow-venv/lib/python3.11/site-packages/airflow/example_dags/example_local_kubernetes_executor.py                                                 0           0
/Users/vaishnusrinivasan/cma-prep-app/airflow-venv/lib/python3.11/site-packages/airflow/example_dags/example_task_group_decorator.py                                                      0           0
/Users/vaishnusrinivasan/cma-prep-app/airflow-venv/lib/python3.11/site-packages/airflow/example_dags/example_complex.py                                                                   0           0
/Users/vaishnusrinivasan/cma-prep-app/airflow-venv/lib/python3.11/site-packages/airflow/example_dags/example_python_operator.py                                                           0           0
/Users/vaishnusrinivasan/cma-prep-app/airflow-venv/lib/python3.11/site-packages/airflow/example_dags/tutorial_taskflow_api_virtualenv.py                                                  0           0
/Users/vaishnusrinivasan/cma-prep-app/airflow-venv/lib/python3.11/site-packages/airflow/example_dags/example_params_trigger_ui.py                                                         0           0
/Users/vaishnusrinivasan/cma-prep-app/airflow-venv/lib/python3.11/site-packages/airflow/example_dags/example_external_task_marker_dag.py                                                  0           0
/Users/vaishnusrinivasan/cma-prep-app/airflow-venv/lib/python3.11/site-packages/airflow/example_dags/tutorial_objectstorage.py                                                            0           0
/Users/vaishnusrinivasan/cma-prep-app/airflow-venv/lib/python3.11/site-packages/airflow/example_dags/example_bash_operator.py                                                             0           0
/Users/vaishnusrinivasan/cma-prep-app/airflow-venv/lib/python3.11/site-packages/airflow/example_dags/example_short_circuit_operator.py                                                    0           0
/Users/vaishnusrinivasan/cma-prep-app/airflow-venv/lib/python3.11/site-packages/airflow/example_dags/example_setup_teardown.py                                                            0           0
/Users/vaishnusrinivasan/cma-prep-app/airflow-venv/lib/python3.11/site-packages/airflow/example_dags/example_branch_operator.py                                                           0           0
/Users/vaishnusrinivasan/cma-prep-app/airflow-venv/lib/python3.11/site-packages/airflow/example_dags/example_branch_labels.py                                                             0           0
/Users/vaishnusrinivasan/cma-prep-app/airflow-venv/lib/python3.11/site-packages/airflow/example_dags/tutorial_taskflow_api.py                                                             0           0
/Users/vaishnusrinivasan/cma-prep-app/airflow-venv/lib/python3.11/site-packages/airflow/example_dags/example_task_group.py                                                                0           0
/Users/vaishnusrinivasan/cma-prep-app/airflow-venv/lib/python3.11/site-packages/airflow/example_dags/tutorial.py                                                                          0           0
/Users/vaishnusrinivasan/cma-prep-app/airflow-venv/lib/python3.11/site-packages/airflow/example_dags/example_python_decorator.py                                                          0           0
/Users/vaishnusrinivasan/cma-prep-app/airflow-venv/lib/python3.11/site-packages/airflow/example_dags/example_sla_dag.py                                                                   0           0
/Users/vaishnusrinivasan/cma-prep-app/airflow-venv/lib/python3.11/site-packages/airflow/example_dags/example_passing_params_via_test_command.py                                           0           0
/Users/vaishnusrinivasan/cma-prep-app/airflow-venv/lib/python3.11/site-packages/airflow/example_dags/example_latest_only_with_trigger.py                                                  0           0
/Users/vaishnusrinivasan/cma-prep-app/airflow-venv/lib/python3.11/site-packages/airflow/example_dags/example_time_delta_sensor_async.py                                                   0           0
/Users/vaishnusrinivasan/cma-prep-app/airflow-venv/lib/python3.11/site-packages/airflow/example_dags/example_dag_decorator.py                                                             0           0
/Users/vaishnusrinivasan/cma-prep-app/airflow-venv/lib/python3.11/site-packages/airflow/example_dags/example_xcom.py                                                                      0           0
/Users/vaishnusrinivasan/cma-prep-app/airflow-venv/lib/python3.11/site-packages/airflow/example_dags/example_xcomargs.py                                                                  0           0
/Users/vaishnusrinivasan/cma-prep-app/airflow-venv/lib/python3.11/site-packages/airflow/example_dags/example_branch_operator_decorator.py                                                 0           0
/Users/vaishnusrinivasan/cma-prep-app/airflow-venv/lib/python3.11/site-packages/airflow/example_dags/example_branch_day_of_week_operator.py                                               0           0
/Users/vaishnusrinivasan/cma-prep-app/airflow-venv/lib/python3.11/site-packages/airflow/example_dags/example_skip_dag.py                                                                  0           0
/Users/vaishnusrinivasan/cma-prep-app/airflow-venv/lib/python3.11/site-packages/airflow/example_dags/example_short_circuit_decorator.py                                                   0           0
/Users/vaishnusrinivasan/cma-prep-app/airflow-venv/lib/python3.11/site-packages/airflow/example_dags/example_datasets.py                                                                  0           0
/Users/vaishnusrinivasan/cma-prep-app/airflow-venv/lib/python3.11/site-packages/airflow/example_dags/tutorial_dag.py                                                                      0           0
/Users/vaishnusrinivasan/cma-prep-app/airflow-venv/lib/python3.11/site-packages/airflow/example_dags/example_trigger_target_dag.py                                                        0           0
/Users/vaishnusrinivasan/cma-prep-app/airflow-venv/lib/python3.11/site-packages/airflow/example_dags/example_sensor_decorator.py                                                          0           0
/Users/vaishnusrinivasan/cma-prep-app/airflow-venv/lib/python3.11/site-packages/airflow/example_dags/example_kubernetes_executor.py                                                       0           0
/Users/vaishnusrinivasan/cma-prep-app/airflow-venv/lib/python3.11/site-packages/airflow/example_dags/example_branch_python_dop_operator_3.py                                              0           0
/Users/vaishnusrinivasan/cma-prep-app/airflow-venv/lib/python3.11/site-packages/airflow/example_dags/example_sensors.py                                                                   0           0
/Users/vaishnusrinivasan/cma-prep-app/airflow-venv/lib/python3.11/site-packages/airflow/example_dags/example_setup_teardown_taskflow.py                                                   0           0
/Users/vaishnusrinivasan/cma-prep-app/airflow-venv/lib/python3.11/site-packages/airflow/example_dags/example_branch_datetime_operator.py                                                  0           0
/Users/vaishnusrinivasan/cma-prep-app/airflow-venv/lib/python3.11/site-packages/airflow/example_dags/example_nested_branch_dag.py                                                         0           0
/Users/vaishnusrinivasan/cma-prep-app/airflow-venv/lib/python3.11/site-packages/airflow/example_dags/example_subdag_operator.py                                                           0           0
/Users/vaishnusrinivasan/cma-prep-app/airflow-venv/lib/python3.11/site-packages/airflow/example_dags/example_dynamic_task_mapping_with_no_taskflow_operators.py                           0           0
/Users/vaishnusrinivasan/cma-prep-app/airflow-venv/lib/python3.11/site-packages/airflow/example_dags/example_trigger_controller_dag.py                                                    0           0
/Users/vaishnusrinivasan/cma-prep-app/airflow-venv/lib/python3.11/site-packages/airflow/example_dags/example_params_ui_tutorial.py                                                        0           0
/Users/vaishnusrinivasan/cma-prep-app/airflow-venv/lib/python3.11/site-packages/airflow/example_dags/example_dynamic_task_mapping.py                                                      0           0
/Users/vaishnusrinivasan/cma-prep-app/airflow-venv/lib/python3.11/site-packages/airflow/example_dags/plugins/workday.py                                                                   0           0
/Users/vaishnusrinivasan/cma-prep-app/airflow-venv/lib/python3.11/site-packages/airflow/example_dags/plugins/event_listener.py                                                            0           0
/Users/vaishnusrinivasan/cma-prep-app/airflow-venv/lib/python3.11/site-packages/airflow/example_dags/plugins/listener_plugin.py                                                           0           0
/Users/vaishnusrinivasan/cma-prep-app/airflow-venv/lib/python3.11/site-packages/airflow/example_dags/subdags/subdag.py                                                                    0           0
/Users/vaishnusrinivasan/cma-prep-app/airflow/dags/generate_questions.py                                                                                                                  1           0  0.97s           2026-03-22T22:28:12
================================================================================
[2026-03-22T17:28:44.151-0500] {manager.py:879} INFO - 
================================================================================
DAG File Processing Stats

File Path                                                                                                                                                        PID    Runtime      # DAGs    # Errors  Last Runtime    Last Run
---------------------------------------------------------------------------------------------------------------------------------------------------------------  -----  ---------  --------  ----------  --------------  -------------------
/Users/vaishnusrinivasan/cma-prep-app/airflow-venv/lib/python3.11/site-packages/airflow/example_dags/example_latest_only.py                                                               0           0
/Users/vaishnusrinivasan/cma-prep-app/airflow-venv/lib/python3.11/site-packages/airflow/example_dags/example_local_kubernetes_executor.py                                                 0           0
/Users/vaishnusrinivasan/cma-prep-app/airflow-venv/lib/python3.11/site-packages/airflow/example_dags/example_complex.py                                                                   0           0
/Users/vaishnusrinivasan/cma-prep-app/airflow-venv/lib/python3.11/site-packages/airflow/example_dags/example_python_operator.py                                                           0           0
/Users/vaishnusrinivasan/cma-prep-app/airflow-venv/lib/python3.11/site-packages/airflow/example_dags/tutorial_taskflow_api_virtualenv.py                                                  0           0  0.93s           2026-03-22T22:28:21
/Users/vaishnusrinivasan/cma-prep-app/airflow-venv/lib/python3.11/site-packages/airflow/example_dags/example_params_trigger_ui.py                                                         0           0
/Users/vaishnusrinivasan/cma-prep-app/airflow-venv/lib/python3.11/site-packages/airflow/example_dags/example_external_task_marker_dag.py                                                  0           0
/Users/vaishnusrinivasan/cma-prep-app/airflow-venv/lib/python3.11/site-packages/airflow/example_dags/example_bash_operator.py                                                             0           0
/Users/vaishnusrinivasan/cma-prep-app/airflow-venv/lib/python3.11/site-packages/airflow/example_dags/example_short_circuit_operator.py                                                    0           0
/Users/vaishnusrinivasan/cma-prep-app/airflow-venv/lib/python3.11/site-packages/airflow/example_dags/example_setup_teardown.py                                                            0           0
/Users/vaishnusrinivasan/cma-prep-app/airflow-venv/lib/python3.11/site-packages/airflow/example_dags/example_branch_operator.py                                                           0           0
/Users/vaishnusrinivasan/cma-prep-app/airflow-venv/lib/python3.11/site-packages/airflow/example_dags/example_branch_labels.py                                                             0           0
/Users/vaishnusrinivasan/cma-prep-app/airflow-venv/lib/python3.11/site-packages/airflow/example_dags/example_task_group.py                                                                0           0
/Users/vaishnusrinivasan/cma-prep-app/airflow-venv/lib/python3.11/site-packages/airflow/example_dags/example_python_decorator.py                                                          0           0
/Users/vaishnusrinivasan/cma-prep-app/airflow-venv/lib/python3.11/site-packages/airflow/example_dags/example_sla_dag.py                                                                   0           0
/Users/vaishnusrinivasan/cma-prep-app/airflow-venv/lib/python3.11/site-packages/airflow/example_dags/example_passing_params_via_test_command.py                                           0           0
/Users/vaishnusrinivasan/cma-prep-app/airflow-venv/lib/python3.11/site-packages/airflow/example_dags/example_latest_only_with_trigger.py                                                  0           0
/Users/vaishnusrinivasan/cma-prep-app/airflow-venv/lib/python3.11/site-packages/airflow/example_dags/example_dag_decorator.py                                                             0           0
/Users/vaishnusrinivasan/cma-prep-app/airflow-venv/lib/python3.11/site-packages/airflow/example_dags/example_branch_operator_decorator.py                                                 0           0
/Users/vaishnusrinivasan/cma-prep-app/airflow-venv/lib/python3.11/site-packages/airflow/example_dags/example_branch_day_of_week_operator.py                                               0           0
/Users/vaishnusrinivasan/cma-prep-app/airflow-venv/lib/python3.11/site-packages/airflow/example_dags/example_skip_dag.py                                                                  0           0
/Users/vaishnusrinivasan/cma-prep-app/airflow-venv/lib/python3.11/site-packages/airflow/example_dags/example_short_circuit_decorator.py                                                   0           0
/Users/vaishnusrinivasan/cma-prep-app/airflow-venv/lib/python3.11/site-packages/airflow/example_dags/example_datasets.py                                                                  0           0
/Users/vaishnusrinivasan/cma-prep-app/airflow-venv/lib/python3.11/site-packages/airflow/example_dags/example_sensor_decorator.py                                                          0           0
/Users/vaishnusrinivasan/cma-prep-app/airflow-venv/lib/python3.11/site-packages/airflow/example_dags/example_kubernetes_executor.py                                                       0           0
/Users/vaishnusrinivasan/cma-prep-app/airflow-venv/lib/python3.11/site-packages/airflow/example_dags/example_branch_python_dop_operator_3.py                                              0           0
/Users/vaishnusrinivasan/cma-prep-app/airflow-venv/lib/python3.11/site-packages/airflow/example_dags/example_sensors.py                                                                   0           0
/Users/vaishnusrinivasan/cma-prep-app/airflow-venv/lib/python3.11/site-packages/airflow/example_dags/example_setup_teardown_taskflow.py                                                   0           0
/Users/vaishnusrinivasan/cma-prep-app/airflow-venv/lib/python3.11/site-packages/airflow/example_dags/example_branch_datetime_operator.py                                                  0           0
/Users/vaishnusrinivasan/cma-prep-app/airflow-venv/lib/python3.11/site-packages/airflow/example_dags/example_nested_branch_dag.py                                                         0           0
/Users/vaishnusrinivasan/cma-prep-app/airflow-venv/lib/python3.11/site-packages/airflow/example_dags/example_subdag_operator.py                                                           0           0
/Users/vaishnusrinivasan/cma-prep-app/airflow-venv/lib/python3.11/site-packages/airflow/example_dags/example_dynamic_task_mapping_with_no_taskflow_operators.py                           0           0
/Users/vaishnusrinivasan/cma-prep-app/airflow-venv/lib/python3.11/site-packages/airflow/example_dags/example_params_ui_tutorial.py                                                        0           0
/Users/vaishnusrinivasan/cma-prep-app/airflow-venv/lib/python3.11/site-packages/airflow/example_dags/example_dynamic_task_mapping.py                                                      0           0
/Users/vaishnusrinivasan/cma-prep-app/airflow-venv/lib/python3.11/site-packages/airflow/example_dags/plugins/workday.py                                                                   0           0  0.84s           2026-03-22T22:28:15
/Users/vaishnusrinivasan/cma-prep-app/airflow-venv/lib/python3.11/site-packages/airflow/example_dags/plugins/event_listener.py                                                            0           0  0.91s           2026-03-22T22:28:19
/Users/vaishnusrinivasan/cma-prep-app/airflow-venv/lib/python3.11/site-packages/airflow/example_dags/plugins/listener_plugin.py                                                           0           0  0.88s           2026-03-22T22:28:17
/Users/vaishnusrinivasan/cma-prep-app/airflow-venv/lib/python3.11/site-packages/airflow/example_dags/subdags/subdag.py                                                                    0           0  0.82s           2026-03-22T22:28:14
/Users/vaishnusrinivasan/cma-prep-app/airflow/dags/generate_questions.py                                                                                                                  1           0  0.97s           2026-03-22T22:28:12
/Users/vaishnusrinivasan/cma-prep-app/airflow-venv/lib/python3.11/site-packages/airflow/example_dags/example_task_group_decorator.py                                                      1           0  0.95s           2026-03-22T22:28:44
/Users/vaishnusrinivasan/cma-prep-app/airflow-venv/lib/python3.11/site-packages/airflow/example_dags/tutorial_objectstorage.py                                                            1           0  2.09s           2026-03-22T22:28:26
/Users/vaishnusrinivasan/cma-prep-app/airflow-venv/lib/python3.11/site-packages/airflow/example_dags/tutorial_taskflow_api.py                                                             1           0  1.07s           2026-03-22T22:28:23
/Users/vaishnusrinivasan/cma-prep-app/airflow-venv/lib/python3.11/site-packages/airflow/example_dags/tutorial.py                                                                          1           0  2.10s           2026-03-22T22:28:32
/Users/vaishnusrinivasan/cma-prep-app/airflow-venv/lib/python3.11/site-packages/airflow/example_dags/example_time_delta_sensor_async.py                                                   1           0  0.94s           2026-03-22T22:28:42
/Users/vaishnusrinivasan/cma-prep-app/airflow-venv/lib/python3.11/site-packages/airflow/example_dags/example_xcom.py                                                                      1           0  1.03s           2026-03-22T22:28:36
/Users/vaishnusrinivasan/cma-prep-app/airflow-venv/lib/python3.11/site-packages/airflow/example_dags/tutorial_dag.py                                                                      1           0  1.34s           2026-03-22T22:28:29
/Users/vaishnusrinivasan/cma-prep-app/airflow-venv/lib/python3.11/site-packages/airflow/example_dags/example_trigger_target_dag.py                                                        1           0  0.97s           2026-03-22T22:28:38
/Users/vaishnusrinivasan/cma-prep-app/airflow-venv/lib/python3.11/site-packages/airflow/example_dags/example_trigger_controller_dag.py                                                    1           0  1.03s           2026-03-22T22:28:40
/Users/vaishnusrinivasan/cma-prep-app/airflow-venv/lib/python3.11/site-packages/airflow/example_dags/example_xcomargs.py                                                                  2           0  1.08s           2026-03-22T22:28:34
================================================================================
[2026-03-22T17:54:02.888-0500] {manager.py:451} INFO - Exiting gracefully upon receiving signal 15
